import os
import numpy as np
from PIL import Image
from sklearn.model_selection import train_test_split
# --- 
with_mask_files = os.listdir('data/with_mask')
print(with_mask_files[0:5])
# --- 
print('Number of with mask images:', len(with_mask_files))

# --- 
without_mask_files = os.listdir('data/without_mask')
print(without_mask_files[0:5])
print(without_mask_files[-5:])
# --- 
with_mask_labels = [1]*3725
without_mask_labels = [0]*3828
# --- 
print(with_mask_labels[0:5])
print(without_mask_labels[0:5])
# --- 
labels = with_mask_labels + without_mask_labels

print(len(labels))
print(labels[0:5])
print(labels[-5:])
# --- 
with_mask_path = 'data/with_mask/'

data = []

for file in with_mask_files:
    img = Image.open(with_mask_path + file)
    img = img.resize((128, 128))
    img = img.convert('RGB')
    data.append(np.array(img))

without_mask_path = 'data/without_mask/'

for file in without_mask_files:
    img = Image.open(without_mask_path + file)
    img = img.resize((128, 128))
    img = img.convert('RGB')
    data.append(np.array(img))
# --- 
len(data)
# --- 
data[0]
# --- 
data[0].shape
# --- 
X = np.array(data)
y = np.array(labels)
# --- 
print(X.shape)
print(y.shape)
# --- 
X_train, X_test, y_train, y_test = train_test_split(X, y, test_size=0.2, random_state=2)
# --- 
X_train_scaled = X_train/255
X_test_scaled = X_test/255
# --- 
X_train
# --- 
X_train_scaled
# --- 
import tensorflow as tf
from tensorflow import keras

# --- 
num_of_classes = 2

model = keras.Sequential()

model.add(keras.layers.Conv2D(32, kernel_size=(3,3), activation='relu', input_shape=(128,128,3)))
model.add(keras.layers.MaxPooling2D(pool_size=(2,2)))


model.add(keras.layers.Conv2D(64, kernel_size=(3,3), activation='relu'))
model.add(keras.layers.MaxPooling2D(pool_size=(2,2)))

model.add(keras.layers.Flatten())

model.add(keras.layers.Dense(128, activation='relu'))
model.add(keras.layers.Dropout(0.5))

model.add(keras.layers.Dense(64, activation='relu'))
model.add(keras.layers.Dropout(0.5))


model.add(keras.layers.Dense(num_of_classes, activation='sigmoid'))
# --- 
model.compile(optimizer='adam',
              loss='sparse_categorical_crossentropy',
              metrics=['acc'])
# --- 
history = model.fit(X_train_scaled, y_train, validation_split=0.1, epochs=5)
# --- 
loss, accuracy = model.evaluate(X_test_scaled, y_test)
print('Test Accuracy =', accuracy)
# --- 
import matplotlib.pyplot as plt
# --- 
h = history

# plot the loss value
plt.plot(h.history['loss'], label='train loss')
plt.plot(h.history['val_loss'], label='validation loss')
plt.legend()
plt.show()

# plot the accuracy value
plt.plot(h.history['acc'], label='train accuracy')
plt.plot(h.history['val_acc'], label='validation accuracy')
plt.legend()
plt.show()
# --- 
